******************************************************************************
            TI ARM Clang Linker PC v4.0.3                      
******************************************************************************
>> Linked Mon Jul 21 22:19:52 2025

OUTPUT FILE NAME:   <Motor_control.out>
ENTRY POINT SYMBOL: "_c_int00_noargs"  address: 00002d11


MEMORY CONFIGURATION

         name            origin    length      used     unused   attr    fill
----------------------  --------  ---------  --------  --------  ----  --------
  FLASH                 00000000   00020000  000031b8  0001ce48  R  X
  SRAM                  20200000   00008000  000002fb  00007d05  RW X
  BCR_CONFIG            41c00000   000000ff  00000000  000000ff  R   
  BSL_CONFIG            41c00100   00000080  00000000  00000080  R   


SEGMENT ALLOCATION MAP

run origin  load origin   length   init length attrs members
----------  ----------- ---------- ----------- ----- -------
00000000    00000000    000031b8   000031b8    r-x
  00000000    00000000    000000c0   000000c0    r-- .intvecs
  000000c0    000000c0    00002ef0   00002ef0    r-x .text
  00002fb0    00002fb0    000001c0   000001c0    r-- .rodata
  00003170    00003170    00000048   00000048    r-- .cinit
20200000    20200000    000000fb   00000000    rw-
  20200000    20200000    00000080   00000000    rw- .data
  20200080    20200080    0000007b   00000000    rw- .bss
20207e00    20207e00    00000200   00000000    rw-
  20207e00    20207e00    00000200   00000000    rw- .stack


SECTION ALLOCATION MAP

 output                                  attributes/
section   page    origin      length       input sections
--------  ----  ----------  ----------   ----------------
.intvecs   0    00000000    000000c0     
                  00000000    000000c0     startup_mspm0g350x_ticlang.o (.intvecs)

.text      0    000000c0    00002ef0     
                  000000c0    000009d0     libc.a : _printfi.c.obj (.text:__TI_printfi)
                  00000a90    00000220            : _printfi.c.obj (.text._pconv_a)
                  00000cb0    000001dc            : _printfi.c.obj (.text._pconv_g)
                  00000e8c    00000192     libclang_rt.builtins.a : adddf3.S.obj (.text.adddf3_subdf3)
                  0000101e    00000002     startup_mspm0g350x_ticlang.o (.text.Default_Handler)
                  00001020    00000178     motor.o (.text.TIMG0_IRQHandler)
                  00001198    0000013c     libc.a : _printfi.c.obj (.text.fcvt)
                  000012d4    00000120            : _printfi.c.obj (.text._pconv_e)
                  000013f4    0000010c     libclang_rt.builtins.a : divdf3.S.obj (.text.__divdf3)
                  00001500    00000104     driverlib.a : dl_timer.o (.text.DL_Timer_initFourCCPWMMode)
                  00001604    000000f8     empty.o (.text.main)
                  000016fc    000000e8     driverlib.a : dl_timer.o (.text.DL_Timer_initTimerMode)
                  000017e4    000000e4     libclang_rt.builtins.a : muldf3.S.obj (.text.__muldf3)
                  000018c8    000000d8     libc.a : s_scalbn.c.obj (.text.scalbn)
                  000019a0    000000d8     libclang_rt.builtins.a : addsf3.S.obj (.text)
                  00001a78    000000b0     bsp_tb6612.o (.text.AO_Speed_PID_Controller)
                  00001b28    000000b0     encoder.o (.text.GROUP1_IRQHandler)
                  00001bd8    000000b0     ti_msp_dl_config.o (.text.SYSCFG_DL_GPIO_init)
                  00001c88    000000a2     libclang_rt.builtins.a : udivmoddi4.S.obj (.text)
                  00001d2a    0000009a     libc.a : memcpy16.S.obj (.text:memcpy)
                  00001dc4    00000094     ti_msp_dl_config.o (.text.SYSCFG_DL_PWM_0_init)
                  00001e58    0000008c     libclang_rt.builtins.a : mulsf3.S.obj (.text.__mulsf3)
                  00001ee4    00000088     bsp_tb6612.o (.text.BO_Speed_PID_Controller)
                  00001f6c    0000007c     libc.a : copy_decompress_lzss.c.obj (.text:decompress:lzss)
                  00001fe8    00000074     libclang_rt.builtins.a : comparedf2.c.obj (.text.__gedf2)
                  0000205c    00000004     libsysbm.a : hostexit.c.obj (.text.HOSTexit)
                  00002060    00000074     libclang_rt.builtins.a : truncdfsf2.S.obj (.text.__truncdfsf2)
                  000020d4    00000070     ti_msp_dl_config.o (.text.SYSCFG_DL_UART_0_init)
                  00002144    00000070     ti_msp_dl_config.o (.text.SYSCFG_DL_UART_1_init)
                  000021b4    00000070     ti_msp_dl_config.o (.text.SYSCFG_DL_UART_3_init)
                  00002224    00000070     ti_msp_dl_config.o (.text.SYSCFG_DL_initPower)
                  00002294    00000068     libclang_rt.builtins.a : comparedf2.c.obj (.text.__ledf2)
                  000022fc    00000068     board.o (.text.lc_printf)
                  00002364    00000066     libc.a : _printfi.c.obj (.text._mcpy)
                  000023ca    00000002     libclang_rt.builtins.a : aeabi_div0.c.obj (.text.__aeabi_idiv0)
                  000023cc    00000062                            : aeabi_dcmp.S.obj (.text.__aeabi_dcmp)
                  0000242e    00000002                            : aeabi_div0.c.obj (.text.__aeabi_ldiv0)
                  00002430    00000062                            : aeabi_fcmp.S.obj (.text.__aeabi_fcmp)
                  00002492    00000062     libc.a : memset16.S.obj (.text:memset)
                  000024f4    0000005c            : s_frexp.c.obj (.text.frexp)
                  00002550    00000058            : _ltoa.c.obj (.text.__TI_ltoa)
                  000025a8    00000058            : _printfi.c.obj (.text._pconv_f)
                  00002600    00000056     libclang_rt.builtins.a : aeabi_idivmod.S.obj (.text.__aeabi_idivmod)
                  00002656    00000052     libc.a : _printfi.c.obj (.text._ecpy)
                  000026a8    0000004c     ti_msp_dl_config.o (.text.SYSCFG_DL_SPI_0_init)
                  000026f4    0000004c     ti_msp_dl_config.o (.text.SYSCFG_DL_SYSCTL_init)
                  00002740    0000004a     libclang_rt.builtins.a : fixdfsi.S.obj (.text.__fixdfsi)
                  0000278a    00000002     --HOLE-- [fill = 0]
                  0000278c    00000048     bsp_tb6612.o (.text.AO_Control)
                  000027d4    00000048     bsp_tb6612.o (.text.BO_Control)
                  0000281c    00000048     driverlib.a : dl_uart.o (.text.DL_UART_init)
                  00002864    00000044                 : dl_spi.o (.text.DL_SPI_init)
                  000028a8    00000044     Uart_info.o (.text.uart_send_string)
                  000028ec    00000040     ti_msp_dl_config.o (.text.SYSCFG_DL_init)
                  0000292c    00000040     libclang_rt.builtins.a : aeabi_uidivmod.S.obj (.text.__aeabi_uidivmod)
                  0000296c    00000040     libc.a : atoi.c.obj (.text.atoi)
                  000029ac    00000040            : vsnprintf.c.obj (.text.vsnprintf)
                  000029ec    0000003c     Uart_info.o (.text.UART1_IRQHandler)
                  00002a28    0000003c     Uart_info.o (.text.UART3_IRQHandler)
                  00002a64    0000003c     libclang_rt.builtins.a : floatsisf.S.obj (.text.__floatsisf)
                  00002aa0    0000003c                            : comparesf2.S.obj (.text.__gtsf2)
                  00002adc    0000003c     libc.a : autoinit.c.obj (.text:__TI_auto_init_nobinit_nopinit)
                  00002b18    0000003a     libclang_rt.builtins.a : comparesf2.S.obj (.text.__eqsf2)
                  00002b52    00000002     --HOLE-- [fill = 0]
                  00002b54    0000003a                            : muldsi3.S.obj (.text.__muldsi3)
                  00002b8e    00000002     --HOLE-- [fill = 0]
                  00002b90    00000038     ti_msp_dl_config.o (.text.SYSCFG_DL_TIMER_ECO_init)
                  00002bc8    00000038     libclang_rt.builtins.a : fixsfsi.S.obj (.text.__fixsfsi)
                  00002c00    00000032                            : fixunssfsi.S.obj (.text.__fixunssfsi)
                  00002c32    00000030     libc.a : _printfi.c.obj (.text._fcpy)
                  00002c62    00000030            : vsnprintf.c.obj (.text._outs)
                  00002c92    00000002     --HOLE-- [fill = 0]
                  00002c94    0000002c     libclang_rt.builtins.a : floatsidf.S.obj (.text.__floatsidf)
                  00002cc0    00000028     Uart_info.o (.text.UART_Init)
                  00002ce8    00000028     encoder.o (.text.encoder_update)
                  00002d10    00000028     libc.a : boot_cortex_m.c.obj (.text:_c_int00_noargs)
                  00002d38    00000024     libclang_rt.builtins.a : muldi3.S.obj (.text.__muldi3)
                  00002d5c    00000022     libc.a : memccpy.c.obj (.text.memccpy)
                  00002d7e    00000002     --HOLE-- [fill = 0]
                  00002d80    00000020     Uart_info.o (.text.UART0_IRQHandler)
                  00002da0    0000001e     libclang_rt.builtins.a : ashldi3.S.obj (.text.__ashldi3)
                  00002dbe    00000002     --HOLE-- [fill = 0]
                  00002dc0    0000001c     driverlib.a : dl_timer.o (.text.DL_Timer_setCaptCompUpdateMethod)
                  00002ddc    0000001c                 : dl_timer.o (.text.DL_Timer_setClockConfig)
                  00002df8    00000018                 : dl_timer.o (.text.DL_Timer_setCaptureCompareOutCtl)
                  00002e10    00000018     libc.a : vsnprintf.c.obj (.text._outc)
                  00002e28    00000018     encoder.o (.text.get_encoder_count)
                  00002e40    00000018     motor.o (.text.get_motor_speed)
                  00002e58    00000016     libc.a : copy_zero_init.c.obj (.text:decompress:ZI:__TI_zero_init_nomemset)
                  00002e6e    00000002     --HOLE-- [fill = 0]
                  00002e70    00000014     libclang_rt.builtins.a : aeabi_uldivmod.S.obj (.text.__aeabi_uldivmod)
                  00002e84    00000014     encoder.o (.text.encoder_init)
                  00002e98    00000014     libc.a : _printfi.c.obj (.text.strchr)
                  00002eac    00000012     driverlib.a : dl_spi.o (.text.DL_SPI_setClockConfig)
                  00002ebe    00000012                 : dl_uart.o (.text.DL_UART_setClockConfig)
                  00002ed0    00000012     libc.a : copy_decompress_none.c.obj (.text:decompress:none)
                  00002ee2    00000002     --HOLE-- [fill = 0]
                  00002ee4    00000010     driverlib.a : dl_timer.o (.text.DL_Timer_setCaptureCompareValue)
                  00002ef4    00000010     libc.a : wcslen.c.obj (.text.wcslen)
                  00002f04    0000000e     libclang_rt.builtins.a : aeabi_memset.S.obj (.text.__aeabi_memset)
                  00002f12    0000000e     board.o (.text.delay_ms)
                  00002f20    0000000e     libc.a : _printfi.c.obj (.text.strlen)
                  00002f2e    00000002     --HOLE-- [fill = 0]
                  00002f30    0000000c     bsp_tb6612.o (.text.AO_Speed_PID_SetTarget)
                  00002f3c    0000000c     bsp_tb6612.o (.text.BO_Speed_PID_SetTarget)
                  00002f48    0000000c     libclang_rt.builtins.a : aeabi_memset.S.obj (.text.__aeabi_memclr)
                  00002f54    0000000a     driverlib.a : dl_common.o (.text.DL_Common_delayCycles)
                  00002f5e    0000000a     libc.a : _printfi.c.obj (.text.OUTLINED_FUNCTION_0)
                  00002f68    00000010     libclang_rt.builtins.a : adddf3.S.obj (.tramp.__aeabi_dsub.1)
                  00002f78    0000000a     libc.a : _printfi.c.obj (.text.OUTLINED_FUNCTION_1)
                  00002f82    00000002     --HOLE-- [fill = 0]
                  00002f84    00000008            : aeabi_portable.c.obj (.text.__aeabi_errno_addr)
                  00002f8c    00000008     libclang_rt.builtins.a : aeabi_memcpy.S.obj (.text.__aeabi_memcpy)
                  00002f94    00000006     libc.a : exit.c.obj (.text:abort)
                  00002f9a    00000004     startup_mspm0g350x_ticlang.o (.text.Reset_Handler)
                  00002f9e    00000004     libc.a : pre_init.c.obj (.text._system_pre_init)
                  00002fa2    0000000e     --HOLE-- [fill = 0]

.cinit     0    00003170    00000048     
                  00003170    00000024     (.cinit..data.load) [load image, compression = lzss]
                  00003194    0000000c     (__TI_handler_table)
                  000031a0    00000008     (.cinit..bss.load) [load image, compression = zero_init]
                  000031a8    00000010     (__TI_cinit_table)

.rodata    0    00002fb0    000001c0     
                  00002fb0    00000101     libc.a : aeabi_ctype.S.obj (.rodata:__aeabi_ctype_table_)
                  000030b1    00000021     bsp_tb6612.o (.rodata.str1.15091695396400935675.1)
                  000030d2    00000002     ti_msp_dl_config.o (.rodata.gSPI_0_clockConfig)
                  000030d4    00000014     ti_msp_dl_config.o (.rodata.gTIMER_ECOTimerConfig)
                  000030e8    00000013     empty.o (.rodata.str1.9517790425240694019.1)
                  000030fb    00000011     libc.a : _printfi.c.obj (.rodata.str1.10348868589481759720.1)
                  0000310c    00000011            : _printfi.c.obj (.rodata.str1.15363888844622738466.1)
                  0000311d    00000003     Uart_info.o (.rodata.UART_IRQN_TYPE)
                  00003120    0000000c     Uart_info.o (.rodata.UART_PORT)
                  0000312c    0000000a     ti_msp_dl_config.o (.rodata.gSPI_0_config)
                  00003136    0000000a     ti_msp_dl_config.o (.rodata.gUART_0Config)
                  00003140    0000000a     ti_msp_dl_config.o (.rodata.gUART_1Config)
                  0000314a    0000000a     ti_msp_dl_config.o (.rodata.gUART_3Config)
                  00003154    00000008     ti_msp_dl_config.o (.rodata.gPWM_0Config)
                  0000315c    00000006     empty.o (.rodata.str1.254342170260855183.1)
                  00003162    00000003     ti_msp_dl_config.o (.rodata.gPWM_0ClockConfig)
                  00003165    00000003     ti_msp_dl_config.o (.rodata.gTIMER_ECOClockConfig)
                  00003168    00000002     ti_msp_dl_config.o (.rodata.gUART_0ClockConfig)
                  0000316a    00000002     ti_msp_dl_config.o (.rodata.gUART_1ClockConfig)
                  0000316c    00000002     ti_msp_dl_config.o (.rodata.gUART_3ClockConfig)
                  0000316e    00000002     --HOLE-- [fill = 0]

.init_array 
*          0    00000000    00000000     UNINITIALIZED

.binit     0    00000000    00000000     

.data      0    20200000    00000080     UNINITIALIZED
                  20200000    00000024     bsp_tb6612.o (.data.pid_A)
                  20200024    00000024     bsp_tb6612.o (.data.pid_B)
                  20200048    00000010     motor.o (.data.encoder_left_history)
                  20200058    00000010     motor.o (.data.encoder_right_history)
                  20200068    00000008     motor.o (.data.motor_speed)
                  20200070    00000004     libc.a : aeabi_portable.c.obj (.data.__aeabi_errno)
                  20200074    00000004     motor.o (.data.encoder_left)
                  20200078    00000004     bsp_tb6612.o (.data.target_speed_A)
                  2020007c    00000004     bsp_tb6612.o (.data.target_speed_B)

.bss       0    20200080    0000007b     UNINITIALIZED
                  20200080    00000030     (.common:gUART_3Backup)
                  202000b0    00000028     (.common:gSPI_0Backup)
                  202000d8    00000020     encoder.o (.bss.motor_encoder)
                  202000f8    00000001     (.common:uart_0_buffer)
                  202000f9    00000001     (.common:uart_1_buffer)
                  202000fa    00000001     (.common:uart_3_buffer)

.stack     0    20207e00    00000200     UNINITIALIZED
                  20207e00    00000004     libc.a : boot_cortex_m.c.obj (.stack)
                  20207e04    000001fc     --HOLE--

__llvm_prf_cnts 
*          0    20200000    00000000     UNINITIALIZED

__llvm_prf_bits 
*          0    20200000    00000000     UNINITIALIZED

MODULE SUMMARY

       Module                         code    ro data   rw data
       ------                         ----    -------   -------
    .\
       ti_msp_dl_config.o             1044    82        88     
       bsp_tb6612.o                   480     33        80     
       motor.o                        400     0         44     
       encoder.o                      260     0         32     
       Uart_info.o                    260     15        3      
       empty.o                        248     25        0      
       startup_mspm0g350x_ticlang.o   6       192       0      
       board.o                        118     0         0      
    +--+------------------------------+-------+---------+---------+
       Total:                         2816    347       247    
                                                               
    C:/ti/msp_sdk/mspm0_sdk_2_05_01_00/source/ti/driverlib/lib/ticlang/m0p/mspm0g1x0x_g3x0x/driverlib.a
       dl_timer.o                     588     0         0      
       dl_uart.o                      90      0         0      
       dl_spi.o                       86      0         0      
       dl_common.o                    10      0         0      
    +--+------------------------------+-------+---------+---------+
       Total:                         774     0         0      
                                                               
    C:\ti\ccs2020\ccs\tools\compiler\ti-cgt-armllvm_4.0.3.LTS\lib\armv6m-ti-none-eabi/c/libc.a
       _printfi.c.obj                 4510    34        0      
       aeabi_ctype.S.obj              0       257       0      
       s_scalbn.c.obj                 216     0         0      
       memcpy16.S.obj                 154     0         0      
       vsnprintf.c.obj                136     0         0      
       copy_decompress_lzss.c.obj     124     0         0      
       memset16.S.obj                 98      0         0      
       s_frexp.c.obj                  92      0         0      
       _ltoa.c.obj                    88      0         0      
       atoi.c.obj                     64      0         0      
       autoinit.c.obj                 60      0         0      
       boot_cortex_m.c.obj            40      0         0      
       memccpy.c.obj                  34      0         0      
       copy_zero_init.c.obj           22      0         0      
       copy_decompress_none.c.obj     18      0         0      
       wcslen.c.obj                   16      0         0      
       aeabi_portable.c.obj           8       0         4      
       exit.c.obj                     6       0         0      
       pre_init.c.obj                 4       0         0      
    +--+------------------------------+-------+---------+---------+
       Total:                         5690    291       4      
                                                               
    C:\ti\ccs2020\ccs\tools\compiler\ti-cgt-armllvm_4.0.3.LTS\lib\armv6m-ti-none-eabi/c/libsysbm.a
       hostexit.c.obj                 4       0         0      
    +--+------------------------------+-------+---------+---------+
       Total:                         4       0         0      
                                                               
    C:\ti\ccs2020\ccs\tools\compiler\ti-cgt-armllvm_4.0.3.LTS\lib\armv6m-ti-none-eabi/libclang_rt.builtins.a
       adddf3.S.obj                   418     0         0      
       divdf3.S.obj                   268     0         0      
       muldf3.S.obj                   228     0         0      
       comparedf2.c.obj               220     0         0      
       addsf3.S.obj                   216     0         0      
       udivmoddi4.S.obj               162     0         0      
       mulsf3.S.obj                   140     0         0      
       comparesf2.S.obj               118     0         0      
       truncdfsf2.S.obj               116     0         0      
       aeabi_dcmp.S.obj               98      0         0      
       aeabi_fcmp.S.obj               98      0         0      
       aeabi_idivmod.S.obj            86      0         0      
       fixdfsi.S.obj                  74      0         0      
       aeabi_uidivmod.S.obj           64      0         0      
       floatsisf.S.obj                60      0         0      
       muldsi3.S.obj                  58      0         0      
       fixsfsi.S.obj                  56      0         0      
       fixunssfsi.S.obj               50      0         0      
       floatsidf.S.obj                44      0         0      
       muldi3.S.obj                   36      0         0      
       ashldi3.S.obj                  30      0         0      
       aeabi_memset.S.obj             26      0         0      
       aeabi_uldivmod.S.obj           20      0         0      
       aeabi_memcpy.S.obj             8       0         0      
       aeabi_div0.c.obj               4       0         0      
    +--+------------------------------+-------+---------+---------+
       Total:                         2698    0         0      
                                                               
       Stack:                         0       0         512    
       Linker Generated:              0       72        0      
    +--+------------------------------+-------+---------+---------+
       Grand Total:                   11982   710       763    


LINKER GENERATED COPY TABLES

__TI_cinit_table @ 000031a8 records: 2, size/record: 8, table size: 16
	.data: load addr=00003170, load size=00000024 bytes, run addr=20200000, run size=00000080 bytes, compression=lzss
	.bss: load addr=000031a0, load size=00000008 bytes, run addr=20200080, run size=0000007b bytes, compression=zero_init


LINKER GENERATED HANDLER TABLE

__TI_handler_table @ 00003194 records: 3, size/record: 4, table size: 12
	index: 0, handler: __TI_decompress_lzss
	index: 1, handler: __TI_decompress_none
	index: 2, handler: __TI_zero_init


FAR CALL TRAMPOLINES

callee name               trampoline name
   callee addr  tramp addr   call addr  call info
--------------  -----------  ---------  ----------------
__aeabi_dsub              $Tramp$TT$L$PI$$__aeabi_dsub
   00000e8d     00002f68     00002f66   libc.a : _printfi.c.obj (.text.OUTLINED_FUNCTION_0)

[1 trampolines]
[1 trampoline calls]


GLOBAL SYMBOLS: SORTED ALPHABETICALLY BY Name 

address   name                            
-------   ----                            
0000101f  ADC0_IRQHandler                 
0000101f  ADC1_IRQHandler                 
0000101f  AES_IRQHandler                  
0000278d  AO_Control                      
00001a79  AO_Speed_PID_Controller         
00002f31  AO_Speed_PID_SetTarget          
000027d5  BO_Control                      
00001ee5  BO_Speed_PID_Controller         
00002f3d  BO_Speed_PID_SetTarget          
0000205c  C$$EXIT                         
0000101f  CANFD0_IRQHandler               
0000101f  DAC0_IRQHandler                 
00002f55  DL_Common_delayCycles           
00002865  DL_SPI_init                     
00002ead  DL_SPI_setClockConfig           
00001501  DL_Timer_initFourCCPWMMode      
000016fd  DL_Timer_initTimerMode          
00002dc1  DL_Timer_setCaptCompUpdateMethod
00002df9  DL_Timer_setCaptureCompareOutCtl
00002ee5  DL_Timer_setCaptureCompareValue 
00002ddd  DL_Timer_setClockConfig         
0000281d  DL_UART_init                    
00002ebf  DL_UART_setClockConfig          
0000101f  DMA_IRQHandler                  
0000101f  Default_Handler                 
0000101f  GROUP0_IRQHandler               
00001b29  GROUP1_IRQHandler               
0000205d  HOSTexit                        
0000101f  HardFault_Handler               
0000101f  I2C0_IRQHandler                 
0000101f  I2C1_IRQHandler                 
0000101f  NMI_Handler                     
0000101f  PendSV_Handler                  
0000101f  RTC_IRQHandler                  
00002f9b  Reset_Handler                   
0000101f  SPI0_IRQHandler                 
0000101f  SPI1_IRQHandler                 
0000101f  SVC_Handler                     
00001bd9  SYSCFG_DL_GPIO_init             
00001dc5  SYSCFG_DL_PWM_0_init            
000026a9  SYSCFG_DL_SPI_0_init            
000026f5  SYSCFG_DL_SYSCTL_init           
00002b91  SYSCFG_DL_TIMER_ECO_init        
000020d5  SYSCFG_DL_UART_0_init           
00002145  SYSCFG_DL_UART_1_init           
000021b5  SYSCFG_DL_UART_3_init           
000028ed  SYSCFG_DL_init                  
00002225  SYSCFG_DL_initPower             
0000101f  SysTick_Handler                 
0000101f  TIMA0_IRQHandler                
0000101f  TIMA1_IRQHandler                
00001021  TIMG0_IRQHandler                
0000101f  TIMG12_IRQHandler               
0000101f  TIMG6_IRQHandler                
0000101f  TIMG7_IRQHandler                
0000101f  TIMG8_IRQHandler                
00002d81  UART0_IRQHandler                
000029ed  UART1_IRQHandler                
0000101f  UART2_IRQHandler                
00002a29  UART3_IRQHandler                
00002cc1  UART_Init                       
20208000  __STACK_END                     
00000200  __STACK_SIZE                    
00000000  __TI_ATRegion0_region_sz        
00000000  __TI_ATRegion0_src_addr         
00000000  __TI_ATRegion0_trg_addr         
00000000  __TI_ATRegion1_region_sz        
00000000  __TI_ATRegion1_src_addr         
00000000  __TI_ATRegion1_trg_addr         
00000000  __TI_ATRegion2_region_sz        
00000000  __TI_ATRegion2_src_addr         
00000000  __TI_ATRegion2_trg_addr         
000031a8  __TI_CINIT_Base                 
000031b8  __TI_CINIT_Limit                
000031b8  __TI_CINIT_Warm                 
00003194  __TI_Handler_Table_Base         
000031a0  __TI_Handler_Table_Limit        
00002add  __TI_auto_init_nobinit_nopinit  
00001f6d  __TI_decompress_lzss            
00002ed1  __TI_decompress_none            
00002551  __TI_ltoa                       
ffffffff  __TI_pprof_out_hndl             
000000c1  __TI_printfi                    
ffffffff  __TI_prof_data_size             
ffffffff  __TI_prof_data_start            
00000000  __TI_static_base__              
00002e59  __TI_zero_init_nomemset         
00000e97  __adddf3                        
000019ab  __addsf3                        
00002fb0  __aeabi_ctype_table_            
00002fb0  __aeabi_ctype_table_C           
00002061  __aeabi_d2f                     
00002741  __aeabi_d2iz                    
00000e97  __aeabi_dadd                    
000023cd  __aeabi_dcmpeq                  
00002409  __aeabi_dcmpge                  
0000241d  __aeabi_dcmpgt                  
000023f5  __aeabi_dcmple                  
000023e1  __aeabi_dcmplt                  
000013f5  __aeabi_ddiv                    
000017e5  __aeabi_dmul                    
00000e8d  __aeabi_dsub                    
20200070  __aeabi_errno                   
00002f85  __aeabi_errno_addr              
00002bc9  __aeabi_f2iz                    
00002c01  __aeabi_f2uiz                   
000019ab  __aeabi_fadd                    
00002431  __aeabi_fcmpeq                  
0000246d  __aeabi_fcmpge                  
00002481  __aeabi_fcmpgt                  
00002459  __aeabi_fcmple                  
00002445  __aeabi_fcmplt                  
00001e59  __aeabi_fmul                    
000019a1  __aeabi_fsub                    
00002c95  __aeabi_i2d                     
00002a65  __aeabi_i2f                     
00002601  __aeabi_idiv                    
000023cb  __aeabi_idiv0                   
00002601  __aeabi_idivmod                 
0000242f  __aeabi_ldiv0                   
00002da1  __aeabi_llsl                    
00002d39  __aeabi_lmul                    
00002f49  __aeabi_memclr                  
00002f49  __aeabi_memclr4                 
00002f49  __aeabi_memclr8                 
00002f8d  __aeabi_memcpy                  
00002f8d  __aeabi_memcpy4                 
00002f8d  __aeabi_memcpy8                 
00002f05  __aeabi_memset                  
00002f05  __aeabi_memset4                 
00002f05  __aeabi_memset8                 
0000292d  __aeabi_uidiv                   
0000292d  __aeabi_uidivmod                
00002e71  __aeabi_uldivmod                
00002da1  __ashldi3                       
ffffffff  __binit__                       
00002295  __cmpdf2                        
00002b19  __cmpsf2                        
000013f5  __divdf3                        
00002295  __eqdf2                         
00002b19  __eqsf2                         
00002741  __fixdfsi                       
00002bc9  __fixsfsi                       
00002c01  __fixunssfsi                    
00002c95  __floatsidf                     
00002a65  __floatsisf                     
00001fe9  __gedf2                         
00002aa1  __gesf2                         
00001fe9  __gtdf2                         
00002aa1  __gtsf2                         
00002295  __ledf2                         
00002b19  __lesf2                         
00002295  __ltdf2                         
00002b19  __ltsf2                         
UNDEFED   __mpu_init                      
000017e5  __muldf3                        
00002d39  __muldi3                        
00002b55  __muldsi3                       
00001e59  __mulsf3                        
00002295  __nedf2                         
00002b19  __nesf2                         
20207e00  __stack                         
20200000  __start___llvm_prf_bits         
20200000  __start___llvm_prf_cnts         
20200000  __stop___llvm_prf_bits          
20200000  __stop___llvm_prf_cnts          
00000e8d  __subdf3                        
000019a1  __subsf3                        
00002061  __truncdfsf2                    
00001c89  __udivmoddi4                    
00002d11  _c_int00_noargs                 
UNDEFED   _system_post_cinit              
00002f9f  _system_pre_init                
00002f95  abort                           
0000296d  atoi                            
ffffffff  binit                           
00002f13  delay_ms                        
00002e85  encoder_init                    
00002ce9  encoder_update                  
000024f5  frexp                           
000024f5  frexpl                          
202000b0  gSPI_0Backup                    
20200080  gUART_3Backup                   
00002e29  get_encoder_count               
00002e41  get_motor_speed                 
00000000  interruptVectors                
000022fd  lc_printf                       
000018c9  ldexp                           
000018c9  ldexpl                          
00001605  main                            
00002d5d  memccpy                         
00001d2b  memcpy                          
00002493  memset                          
20200000  pid_A                           
20200024  pid_B                           
000018c9  scalbn                          
000018c9  scalbnl                         
20200078  target_speed_A                  
2020007c  target_speed_B                  
202000f8  uart_0_buffer                   
202000f9  uart_1_buffer                   
202000fa  uart_3_buffer                   
000028a9  uart_send_string                
000029ad  vsnprintf                       
00002ef5  wcslen                          


GLOBAL SYMBOLS: SORTED BY Symbol Address 

address   name                            
-------   ----                            
00000000  __TI_ATRegion0_region_sz        
00000000  __TI_ATRegion0_src_addr         
00000000  __TI_ATRegion0_trg_addr         
00000000  __TI_ATRegion1_region_sz        
00000000  __TI_ATRegion1_src_addr         
00000000  __TI_ATRegion1_trg_addr         
00000000  __TI_ATRegion2_region_sz        
00000000  __TI_ATRegion2_src_addr         
00000000  __TI_ATRegion2_trg_addr         
00000000  __TI_static_base__              
00000000  interruptVectors                
000000c1  __TI_printfi                    
00000200  __STACK_SIZE                    
00000e8d  __aeabi_dsub                    
00000e8d  __subdf3                        
00000e97  __adddf3                        
00000e97  __aeabi_dadd                    
0000101f  ADC0_IRQHandler                 
0000101f  ADC1_IRQHandler                 
0000101f  AES_IRQHandler                  
0000101f  CANFD0_IRQHandler               
0000101f  DAC0_IRQHandler                 
0000101f  DMA_IRQHandler                  
0000101f  Default_Handler                 
0000101f  GROUP0_IRQHandler               
0000101f  HardFault_Handler               
0000101f  I2C0_IRQHandler                 
0000101f  I2C1_IRQHandler                 
0000101f  NMI_Handler                     
0000101f  PendSV_Handler                  
0000101f  RTC_IRQHandler                  
0000101f  SPI0_IRQHandler                 
0000101f  SPI1_IRQHandler                 
0000101f  SVC_Handler                     
0000101f  SysTick_Handler                 
0000101f  TIMA0_IRQHandler                
0000101f  TIMA1_IRQHandler                
0000101f  TIMG12_IRQHandler               
0000101f  TIMG6_IRQHandler                
0000101f  TIMG7_IRQHandler                
0000101f  TIMG8_IRQHandler                
0000101f  UART2_IRQHandler                
00001021  TIMG0_IRQHandler                
000013f5  __aeabi_ddiv                    
000013f5  __divdf3                        
00001501  DL_Timer_initFourCCPWMMode      
00001605  main                            
000016fd  DL_Timer_initTimerMode          
000017e5  __aeabi_dmul                    
000017e5  __muldf3                        
000018c9  ldexp                           
000018c9  ldexpl                          
000018c9  scalbn                          
000018c9  scalbnl                         
000019a1  __aeabi_fsub                    
000019a1  __subsf3                        
000019ab  __addsf3                        
000019ab  __aeabi_fadd                    
00001a79  AO_Speed_PID_Controller         
00001b29  GROUP1_IRQHandler               
00001bd9  SYSCFG_DL_GPIO_init             
00001c89  __udivmoddi4                    
00001d2b  memcpy                          
00001dc5  SYSCFG_DL_PWM_0_init            
00001e59  __aeabi_fmul                    
00001e59  __mulsf3                        
00001ee5  BO_Speed_PID_Controller         
00001f6d  __TI_decompress_lzss            
00001fe9  __gedf2                         
00001fe9  __gtdf2                         
0000205c  C$$EXIT                         
0000205d  HOSTexit                        
00002061  __aeabi_d2f                     
00002061  __truncdfsf2                    
000020d5  SYSCFG_DL_UART_0_init           
00002145  SYSCFG_DL_UART_1_init           
000021b5  SYSCFG_DL_UART_3_init           
00002225  SYSCFG_DL_initPower             
00002295  __cmpdf2                        
00002295  __eqdf2                         
00002295  __ledf2                         
00002295  __ltdf2                         
00002295  __nedf2                         
000022fd  lc_printf                       
000023cb  __aeabi_idiv0                   
000023cd  __aeabi_dcmpeq                  
000023e1  __aeabi_dcmplt                  
000023f5  __aeabi_dcmple                  
00002409  __aeabi_dcmpge                  
0000241d  __aeabi_dcmpgt                  
0000242f  __aeabi_ldiv0                   
00002431  __aeabi_fcmpeq                  
00002445  __aeabi_fcmplt                  
00002459  __aeabi_fcmple                  
0000246d  __aeabi_fcmpge                  
00002481  __aeabi_fcmpgt                  
00002493  memset                          
000024f5  frexp                           
000024f5  frexpl                          
00002551  __TI_ltoa                       
00002601  __aeabi_idiv                    
00002601  __aeabi_idivmod                 
000026a9  SYSCFG_DL_SPI_0_init            
000026f5  SYSCFG_DL_SYSCTL_init           
00002741  __aeabi_d2iz                    
00002741  __fixdfsi                       
0000278d  AO_Control                      
000027d5  BO_Control                      
0000281d  DL_UART_init                    
00002865  DL_SPI_init                     
000028a9  uart_send_string                
000028ed  SYSCFG_DL_init                  
0000292d  __aeabi_uidiv                   
0000292d  __aeabi_uidivmod                
0000296d  atoi                            
000029ad  vsnprintf                       
000029ed  UART1_IRQHandler                
00002a29  UART3_IRQHandler                
00002a65  __aeabi_i2f                     
00002a65  __floatsisf                     
00002aa1  __gesf2                         
00002aa1  __gtsf2                         
00002add  __TI_auto_init_nobinit_nopinit  
00002b19  __cmpsf2                        
00002b19  __eqsf2                         
00002b19  __lesf2                         
00002b19  __ltsf2                         
00002b19  __nesf2                         
00002b55  __muldsi3                       
00002b91  SYSCFG_DL_TIMER_ECO_init        
00002bc9  __aeabi_f2iz                    
00002bc9  __fixsfsi                       
00002c01  __aeabi_f2uiz                   
00002c01  __fixunssfsi                    
00002c95  __aeabi_i2d                     
00002c95  __floatsidf                     
00002cc1  UART_Init                       
00002ce9  encoder_update                  
00002d11  _c_int00_noargs                 
00002d39  __aeabi_lmul                    
00002d39  __muldi3                        
00002d5d  memccpy                         
00002d81  UART0_IRQHandler                
00002da1  __aeabi_llsl                    
00002da1  __ashldi3                       
00002dc1  DL_Timer_setCaptCompUpdateMethod
00002ddd  DL_Timer_setClockConfig         
00002df9  DL_Timer_setCaptureCompareOutCtl
00002e29  get_encoder_count               
00002e41  get_motor_speed                 
00002e59  __TI_zero_init_nomemset         
00002e71  __aeabi_uldivmod                
00002e85  encoder_init                    
00002ead  DL_SPI_setClockConfig           
00002ebf  DL_UART_setClockConfig          
00002ed1  __TI_decompress_none            
00002ee5  DL_Timer_setCaptureCompareValue 
00002ef5  wcslen                          
00002f05  __aeabi_memset                  
00002f05  __aeabi_memset4                 
00002f05  __aeabi_memset8                 
00002f13  delay_ms                        
00002f31  AO_Speed_PID_SetTarget          
00002f3d  BO_Speed_PID_SetTarget          
00002f49  __aeabi_memclr                  
00002f49  __aeabi_memclr4                 
00002f49  __aeabi_memclr8                 
00002f55  DL_Common_delayCycles           
00002f85  __aeabi_errno_addr              
00002f8d  __aeabi_memcpy                  
00002f8d  __aeabi_memcpy4                 
00002f8d  __aeabi_memcpy8                 
00002f95  abort                           
00002f9b  Reset_Handler                   
00002f9f  _system_pre_init                
00002fb0  __aeabi_ctype_table_            
00002fb0  __aeabi_ctype_table_C           
00003194  __TI_Handler_Table_Base         
000031a0  __TI_Handler_Table_Limit        
000031a8  __TI_CINIT_Base                 
000031b8  __TI_CINIT_Limit                
000031b8  __TI_CINIT_Warm                 
20200000  __start___llvm_prf_bits         
20200000  __start___llvm_prf_cnts         
20200000  __stop___llvm_prf_bits          
20200000  __stop___llvm_prf_cnts          
20200000  pid_A                           
20200024  pid_B                           
20200070  __aeabi_errno                   
20200078  target_speed_A                  
2020007c  target_speed_B                  
20200080  gUART_3Backup                   
202000b0  gSPI_0Backup                    
202000f8  uart_0_buffer                   
202000f9  uart_1_buffer                   
202000fa  uart_3_buffer                   
20207e00  __stack                         
20208000  __STACK_END                     
ffffffff  __TI_pprof_out_hndl             
ffffffff  __TI_prof_data_size             
ffffffff  __TI_prof_data_start            
ffffffff  __binit__                       
ffffffff  binit                           
UNDEFED   __mpu_init                      
UNDEFED   _system_post_cinit              

[205 symbols]
